[16-May-2025 13:11:01 UTC] STYLE ENQUEUE FUNCTION TRIGGERED
[16-May-2025 13:11:09 UTC] STYLE ENQUEUE FUNCTION TRIGGERED
[16-May-2025 13:11:34 UTC] STYLE ENQUEUE FUNCTION TRIGGERED
[16-May-2025 13:11:49 UTC] STYLE ENQUEUE FUNCTION TRIGGERED
[16-May-2025 13:12:32 UTC] STYLE ENQUEUE FUNCTION TRIGGERED
[16-May-2025 13:13:44 UTC] STYLE ENQUEUE FUNCTION TRIGGERED
[16-May-2025 13:13:46 UTC] STYLE ENQUEUE FUNCTION TRIGGERED
[16-May-2025 13:14:21 UTC] STYLE ENQUEUE FUNCTION TRIGGERED
[16-May-2025 13:14:45 UTC] STYLE ENQUEUE FUNCTION TRIGGERED
[16-May-2025 13:16:08 UTC] STYLE ENQUEUE FUNCTION TRIGGERED
[16-May-2025 13:16:12 UTC] STYLE ENQUEUE FUNCTION TRIGGERED
[16-May-2025 13:16:13 UTC] STYLE ENQUEUE FUNCTION TRIGGERED
[16-May-2025 13:16:58 UTC] STYLE ENQUEUE FUNCTION TRIGGERED
[16-May-2025 13:16:59 UTC] STYLE ENQUEUE FUNCTION TRIGGERED
[16-May-2025 13:17:09 UTC] STYLE ENQUEUE FUNCTION TRIGGERED
[16-May-2025 13:17:47 UTC] STYLE ENQUEUE FUNCTION TRIGGERED
[16-May-2025 13:19:05 UTC] STYLE ENQUEUE FUNCTION TRIGGERED
[16-May-2025 13:19:09 UTC] STYLE ENQUEUE FUNCTION TRIGGERED
[16-May-2025 13:21:12 UTC] STYLE ENQUEUE FUNCTION TRIGGERED
[16-May-2025 13:23:11 UTC] STYLE ENQUEUE FUNCTION TRIGGERED
[16-May-2025 13:25:11 UTC] STYLE ENQUEUE FUNCTION TRIGGERED
[16-May-2025 13:25:45 UTC] STYLE ENQUEUE FUNCTION TRIGGERED
[16-May-2025 13:25:45 UTC] STYLE ENQUEUE FUNCTION TRIGGERED
[16-May-2025 13:25:47 UTC] STYLE ENQUEUE FUNCTION TRIGGERED
[16-May-2025 13:26:52 UTC] STYLE ENQUEUE FUNCTION TRIGGERED
[16-May-2025 13:26:53 UTC] STYLE ENQUEUE FUNCTION TRIGGERED
[16-May-2025 13:26:53 UTC] STYLE ENQUEUE FUNCTION TRIGGERED
[16-May-2025 13:37:06 UTC] STYLE ENQUEUE FUNCTION TRIGGERED
[16-May-2025 13:37:07 UTC] STYLE ENQUEUE FUNCTION TRIGGERED
[16-May-2025 13:39:05 UTC] STYLE ENQUEUE FUNCTION TRIGGERED
[16-May-2025 13:41:07 UTC] STYLE ENQUEUE FUNCTION TRIGGERED
[16-May-2025 13:41:28 UTC] STYLE ENQUEUE FUNCTION TRIGGERED
[16-May-2025 13:41:34 UTC] STYLE ENQUEUE FUNCTION TRIGGERED
[16-May-2025 13:42:07 UTC] STYLE ENQUEUE FUNCTION TRIGGERED
[16-May-2025 13:43:07 UTC] STYLE ENQUEUE FUNCTION TRIGGERED
[16-May-2025 13:45:07 UTC] STYLE ENQUEUE FUNCTION TRIGGERED
[19-May-2025 07:01:55 UTC] Automatic updates starting...
[19-May-2025 07:01:56 UTC]   Automatic plugin updates starting...
[19-May-2025 07:01:56 UTC]   Automatic plugin updates complete.
[19-May-2025 07:01:57 UTC] Automatic updates complete.
[19-May-2025 09:35:22 UTC] PHP Warning:  Attempt to read property "title" on null in /app/wp-includes/class-wp-customize-widgets.php on line 926
[19-May-2025 12:00:27 UTC] PHP Warning:  Undefined array key "array" in /app/wp-content/themes/WP-Whales/index.php on line 235
[19-May-2025 12:00:27 UTC] PHP Deprecated:  ltrim(): Passing null to parameter #1 ($string) of type string is deprecated in /app/wp-includes/formatting.php on line 4476
[19-May-2025 12:00:27 UTC] PHP Warning:  Undefined array key "array" in /app/wp-content/themes/WP-Whales/index.php on line 235
[19-May-2025 12:00:27 UTC] PHP Deprecated:  ltrim(): Passing null to parameter #1 ($string) of type string is deprecated in /app/wp-includes/formatting.php on line 4476
[19-May-2025 12:00:27 UTC] PHP Warning:  Undefined array key "array" in /app/wp-content/themes/WP-Whales/index.php on line 235
[19-May-2025 12:00:27 UTC] PHP Deprecated:  ltrim(): Passing null to parameter #1 ($string) of type string is deprecated in /app/wp-includes/formatting.php on line 4476
[19-May-2025 12:00:28 UTC] PHP Warning:  Undefined array key "array" in /app/wp-content/themes/WP-Whales/index.php on line 235
[19-May-2025 12:00:28 UTC] PHP Deprecated:  ltrim(): Passing null to parameter #1 ($string) of type string is deprecated in /app/wp-includes/formatting.php on line 4476
[19-May-2025 12:00:28 UTC] PHP Warning:  Undefined array key "array" in /app/wp-content/themes/WP-Whales/index.php on line 235
[19-May-2025 12:00:28 UTC] PHP Deprecated:  ltrim(): Passing null to parameter #1 ($string) of type string is deprecated in /app/wp-includes/formatting.php on line 4476
[19-May-2025 12:00:28 UTC] PHP Warning:  Undefined array key "array" in /app/wp-content/themes/WP-Whales/index.php on line 235
[19-May-2025 12:00:28 UTC] PHP Deprecated:  ltrim(): Passing null to parameter #1 ($string) of type string is deprecated in /app/wp-includes/formatting.php on line 4476
[19-May-2025 12:07:58 UTC] Automatic updates starting...
[19-May-2025 12:07:59 UTC]   Automatic plugin updates starting...
[19-May-2025 12:07:59 UTC]   Automatic plugin updates complete.
[19-May-2025 12:08:00 UTC] Automatic updates complete.
[19-May-2025 12:44:55 UTC] PHP Deprecated:  explode(): Passing null to parameter #2 ($string) of type string is deprecated in /app/wp-content/themes/WP-Whales/index.php on line 73
[19-May-2025 12:44:56 UTC] PHP Deprecated:  explode(): Passing null to parameter #2 ($string) of type string is deprecated in /app/wp-content/themes/WP-Whales/index.php on line 73
[19-May-2025 12:46:10 UTC] PHP Deprecated:  preg_split(): Passing null to parameter #2 ($subject) of type string is deprecated in /app/wp-content/themes/WP-Whales/index.php on line 73
[19-May-2025 12:53:01 UTC] PHP Deprecated:  explode(): Passing null to parameter #2 ($string) of type string is deprecated in /app/wp-content/themes/WP-Whales/index.php on line 73
[19-May-2025 12:53:01 UTC] PHP Deprecated:  explode(): Passing null to parameter #2 ($string) of type string is deprecated in /app/wp-content/themes/WP-Whales/index.php on line 73
[19-May-2025 12:53:37 UTC] PHP Deprecated:  preg_split(): Passing null to parameter #2 ($subject) of type string is deprecated in /app/wp-content/themes/WP-Whales/index.php on line 73
[19-May-2025 12:54:35 UTC] PHP Deprecated:  preg_split(): Passing null to parameter #2 ($subject) of type string is deprecated in /app/wp-content/themes/WP-Whales/index.php on line 73
[19-May-2025 12:54:36 UTC] PHP Deprecated:  preg_split(): Passing null to parameter #2 ($subject) of type string is deprecated in /app/wp-content/themes/WP-Whales/index.php on line 73
[19-May-2025 12:54:37 UTC] PHP Deprecated:  preg_split(): Passing null to parameter #2 ($subject) of type string is deprecated in /app/wp-content/themes/WP-Whales/index.php on line 73
[20-May-2025 07:21:11 UTC] Automatic updates starting...
[20-May-2025 07:21:12 UTC]   Automatic plugin updates starting...
[20-May-2025 07:21:12 UTC]   Automatic plugin updates complete.
[20-May-2025 07:21:13 UTC] Automatic updates complete.
[20-May-2025 12:08:19 UTC] Automatic updates starting...
[20-May-2025 12:08:21 UTC]   Automatic plugin updates starting...
[20-May-2025 12:08:21 UTC]   Automatic plugin updates complete.
[20-May-2025 12:08:25 UTC] Automatic updates complete.
[20-May-2025 13:08:33 UTC] PHP Fatal error:  Uncaught Error: Class "WP_Bootstrap_Navwalker" not found in /app/wp-content/themes/WP-Whales/header.php:39
Stack trace:
#0 /app/wp-includes/template.php(810): require_once()
#1 /app/wp-includes/template.php(745): load_template('/app/wp-content...', true, Array)
#2 /app/wp-includes/general-template.php(48): locate_template(Array, true, true, Array)
#3 /app/wp-content/themes/WP-Whales/index.php(6): get_header()
#4 /app/wp-includes/template-loader.php(106): include('/app/wp-content...')
#5 /app/wp-blog-header.php(19): require_once('/app/wp-include...')
#6 /app/index.php(17): require('/app/wp-blog-he...')
#7 {main}
  thrown in /app/wp-content/themes/WP-Whales/header.php on line 39
[21-May-2025 07:44:53 UTC] Automatic updates starting...
[21-May-2025 07:44:54 UTC]   Automatic plugin updates starting...
[21-May-2025 07:44:54 UTC]   Automatic plugin updates complete.
[21-May-2025 07:44:56 UTC] Automatic updates complete.
[21-May-2025 11:44:08 UTC] PHP Warning:  Undefined variable $icon in /app/wp-content/themes/WP-Whales/page-our-services.php on line 61
[21-May-2025 12:11:47 UTC] Automatic updates starting...
[21-May-2025 12:11:49 UTC]   Automatic plugin updates starting...
[21-May-2025 12:11:49 UTC]   Automatic plugin updates complete.
[21-May-2025 12:11:51 UTC] Automatic updates complete.
[21-May-2025 13:39:14 UTC] PHP Warning:  foreach() argument must be of type array|object, null given in /app/wp-content/themes/WP-Whales/page-our-services.php on line 490
[21-May-2025 13:41:19 UTC] PHP Parse error:  syntax error, unexpected token "<", expecting end of file in /app/wp-content/themes/WP-Whales/page-our-services.php on line 495
[22-May-2025 09:30:23 UTC] PHP Warning:  wp_version_check(): An unexpected error occurred. Something may be wrong with WordPress.org or this server&#8217;s configuration. If you continue to have problems, please try the <a href="https://wordpress.org/support/forums/">support forums</a>. (WordPress could not establish a secure connection to WordPress.org. Please contact your server administrator.) in /app/wp-includes/functions.php on line 6121
[22-May-2025 09:30:55 UTC] PHP Warning:  wp_update_plugins(): An unexpected error occurred. Something may be wrong with WordPress.org or this server&#8217;s configuration. If you continue to have problems, please try the <a href="https://wordpress.org/support/forums/">support forums</a>. (WordPress could not establish a secure connection to WordPress.org. Please contact your server administrator.) in /app/wp-includes/functions.php on line 6121
[22-May-2025 09:49:58 UTC] PHP Parse error:  syntax error, unexpected token "<" in /app/wp-content/themes/WP-Whales/page-our-services.php on line 358
[22-May-2025 13:00:12 UTC] Automatic updates starting...
[22-May-2025 13:00:14 UTC]   Automatic plugin updates starting...
[22-May-2025 13:00:14 UTC]   Automatic plugin updates complete.
[22-May-2025 13:00:15 UTC] Automatic updates complete.
[23-May-2025 09:28:19 UTC] Automatic updates starting...
[23-May-2025 09:28:21 UTC]   Automatic plugin updates starting...
[23-May-2025 09:28:21 UTC]   Automatic plugin updates complete.
[23-May-2025 09:28:23 UTC] Automatic updates complete.
[23-May-2025 12:07:56 UTC] Automatic updates starting...
[23-May-2025 12:07:57 UTC]   Automatic plugin updates starting...
[23-May-2025 12:07:57 UTC]   Automatic plugin updates complete.
[23-May-2025 12:07:58 UTC] Automatic updates complete.
[23-May-2025 12:22:49 UTC] PHP Parse error:  syntax error, unexpected end of file in /app/wp-content/themes/WP-Whales/page-case-studies.php on line 679
[23-May-2025 12:24:58 UTC] PHP Parse error:  syntax error, unexpected end of file in /app/wp-content/themes/WP-Whales/page-case-studies.php on line 678
[23-May-2025 12:24:59 UTC] PHP Parse error:  syntax error, unexpected end of file in /app/wp-content/themes/WP-Whales/page-case-studies.php on line 678
[23-May-2025 12:34:47 UTC] PHP Parse error:  syntax error, unexpected token "<" in /app/wp-content/themes/WP-Whales/page-case-studies.php on line 206
[23-May-2025 13:18:36 UTC] PHP Parse error:  syntax error, unexpected end of file in /app/wp-content/themes/WP-Whales/page-case-studies.php on line 719
[23-May-2025 14:34:52 UTC] PHP Warning:  Undefined variable $success_query in /app/wp-content/themes/WP-Whales/page-case-studies.php on line 459
[23-May-2025 14:34:52 UTC] PHP Fatal error:  Uncaught Error: Call to a member function have_posts() on null in /app/wp-content/themes/WP-Whales/page-case-studies.php:459
Stack trace:
#0 /app/wp-includes/template-loader.php(106): include()
#1 /app/wp-blog-header.php(19): require_once('/app/wp-include...')
#2 /app/index.php(17): require('/app/wp-blog-he...')
#3 {main}
  thrown in /app/wp-content/themes/WP-Whales/page-case-studies.php on line 459
[23-May-2025 14:49:53 UTC] PHP Fatal error:  Cannot redeclare create_case_study_post_type() (previously declared in /app/wp-content/themes/WP-Whales/includes/case-study-post-type.php:8) in /app/wp-content/themes/WP-Whales/includes/success_story-post-type.php on line 11
[23-May-2025 14:49:53 UTC] PHP Warning:  Trying to access array offset on value of type bool in /app/wp-includes/class-wp-recovery-mode-email-service.php on line 367
[23-May-2025 14:49:53 UTC] PHP Warning:  Trying to access array offset on value of type bool in /app/wp-includes/class-wp-recovery-mode-email-service.php on line 368
[23-May-2025 14:49:54 UTC] PHP Fatal error:  Cannot redeclare create_case_study_post_type() (previously declared in /app/wp-content/themes/WP-Whales/includes/case-study-post-type.php:8) in /app/wp-content/themes/WP-Whales/includes/success_story-post-type.php on line 11
[23-May-2025 14:49:54 UTC] PHP Fatal error:  Cannot redeclare create_case_study_post_type() (previously declared in /app/wp-content/themes/WP-Whales/includes/case-study-post-type.php:8) in /app/wp-content/themes/WP-Whales/includes/success_story-post-type.php on line 11
[23-May-2025 15:12:21 UTC] PHP Fatal error:  Uncaught TypeError: Cannot access offset of type string on string in /app/wp-content/themes/WP-Whales/page-case-studies.php:474
Stack trace:
#0 /app/wp-includes/template-loader.php(106): include()
#1 /app/wp-blog-header.php(19): require_once('/app/wp-include...')
#2 /app/index.php(17): require('/app/wp-blog-he...')
#3 {main}
  thrown in /app/wp-content/themes/WP-Whales/page-case-studies.php on line 474
[23-May-2025 15:23:45 UTC] PHP Warning:  Array to string conversion in /app/wp-content/themes/WP-Whales/page-case-studies.php on line 486
[23-May-2025 15:23:45 UTC] PHP Warning:  Undefined variable $case_logo_url in /app/wp-content/themes/WP-Whales/page-case-studies.php on line 499
[23-May-2025 15:23:45 UTC] PHP Warning:  Array to string conversion in /app/wp-content/themes/WP-Whales/page-case-studies.php on line 486
[23-May-2025 15:23:45 UTC] PHP Warning:  Undefined variable $case_logo_url in /app/wp-content/themes/WP-Whales/page-case-studies.php on line 499
[23-May-2025 15:23:45 UTC] PHP Warning:  Array to string conversion in /app/wp-content/themes/WP-Whales/page-case-studies.php on line 486
[23-May-2025 15:23:45 UTC] PHP Warning:  Undefined variable $case_logo_url in /app/wp-content/themes/WP-Whales/page-case-studies.php on line 499
[23-May-2025 15:24:29 UTC] PHP Warning:  Array to string conversion in /app/wp-content/themes/WP-Whales/page-case-studies.php on line 486
[23-May-2025 15:24:29 UTC] PHP Warning:  Undefined variable $case_logo_url in /app/wp-content/themes/WP-Whales/page-case-studies.php on line 499
[23-May-2025 15:24:29 UTC] PHP Warning:  Array to string conversion in /app/wp-content/themes/WP-Whales/page-case-studies.php on line 486
[23-May-2025 15:24:29 UTC] PHP Warning:  Undefined variable $case_logo_url in /app/wp-content/themes/WP-Whales/page-case-studies.php on line 499
[23-May-2025 15:24:29 UTC] PHP Warning:  Array to string conversion in /app/wp-content/themes/WP-Whales/page-case-studies.php on line 486
[23-May-2025 15:24:29 UTC] PHP Warning:  Undefined variable $case_logo_url in /app/wp-content/themes/WP-Whales/page-case-studies.php on line 499
[23-May-2025 15:24:45 UTC] PHP Warning:  Array to string conversion in /app/wp-content/themes/WP-Whales/page-case-studies.php on line 488
[23-May-2025 15:24:45 UTC] PHP Warning:  Undefined variable $case_logo_url in /app/wp-content/themes/WP-Whales/page-case-studies.php on line 501
[23-May-2025 15:24:45 UTC] PHP Warning:  Array to string conversion in /app/wp-content/themes/WP-Whales/page-case-studies.php on line 488
[23-May-2025 15:24:45 UTC] PHP Warning:  Undefined variable $case_logo_url in /app/wp-content/themes/WP-Whales/page-case-studies.php on line 501
[23-May-2025 15:24:45 UTC] PHP Warning:  Array to string conversion in /app/wp-content/themes/WP-Whales/page-case-studies.php on line 488
[23-May-2025 15:24:45 UTC] PHP Warning:  Undefined variable $case_logo_url in /app/wp-content/themes/WP-Whales/page-case-studies.php on line 501
[23-May-2025 15:55:17 UTC] PHP Warning:  Array to string conversion in /app/wp-content/themes/WP-Whales/page-case-studies.php on line 500
